
> spentrade-next@0.1.0 build
> next build

Γû▓ Next.js 16.1.6 (Turbopack)
- Environments: .env.local, .env

  Creating an optimized production build ...
Γ£ô Compiled successfully in 103s
  Running TypeScript ...
node.exe : Failed to compile.
At C:\Program Files\nodejs\npm.ps1:29 
char:3
+   & $NODE_EXE $NPM_CLI_JS $args
+   ~~~~~~~~~~~~~~~~~~~~~~~~~~~~~
    + CategoryInfo          : NotSpecif 
   ied: (Failed to compile.:String) []  
  , RemoteException
    + FullyQualifiedErrorId : NativeCom 
   mandError
 

.next/dev/types/validator.ts:170:39
Type error: Cannot find module 
'../../../src/app/wallet/page.js' or 
its corresponding type declarations.

[0m [90m 168 |[39m {
 [90m 169 |[39m   type __IsExpected[3
3m<[39m[33mSpecific[39m 
[36mextends[39m [33mAppPageConfig[39
m[33m<[39m[32m"/wallet"[39m[33m>>[
39m [33m=[39m [33mSpecific[39m
[31m[1m>[22m[39m[90m 170 |[39m   
[36mconst[39m handler [33m=[39m {} 
[36mas[39m [36mtypeof[39m [36mimpor
t[39m([32m"../../../src/app/wallet/pag
e.js"[39m)
 [90m     |[39m                       
                [31m[1m^[22m[39m
 [90m 171 |[39m   type __Check 
[33m=[39m 
__IsExpected[33m<[39m[36mtypeof[39m 
handler[33m>[39m
 [90m 172 |[39m   [90m// 
@ts-ignore[39m
 [90m 173 |[39m   type __Unused 
[33m=[39m __Check[0m
Next.js build worker exited with code: 
1 and signal: null
