
> spentrade-next@0.1.0 build
> next build

node.exe : ΓÜá Warning: Next.js 
inferred your workspace root, but it 
may not be correct.
At C:\Program Files\nodejs\npm.ps1:29 
char:3
+   & $NODE_EXE $NPM_CLI_JS $args
+   ~~~~~~~~~~~~~~~~~~~~~~~~~~~~~
    + CategoryInfo          : 
NotSpecifie    d: (ΓÜá Warning: 
Ne...not be correct.    :String) [], 
RemoteException
    + FullyQualifiedErrorId : 
NativeComma    ndError
 
 We detected multiple lockfiles and 
selected the directory of 
C:\Users\user\package-lock.json as the 
root directory.
 To silence this warning, set 
`turbopack.root` in your Next.js 
config, or consider removing one of the 
lockfiles if it's not needed.
   See https://nextjs.org/docs/app/api-r
eference/config/next-config-js/turbopack
#root-directory for more information.
 Detected additional lockfiles: 
   * C:\Users\user\Downloads\Projects\Sp
enTrade NextJS\package-lock.json

Γû▓ Next.js 16.1.6 (Turbopack)
- Environments: .env.local, .env

ΓÜá The "middleware" file convention is 
deprecated. Please use "proxy" instead. 
Learn more: https://nextjs.org/docs/mess
ages/middleware-to-proxy
  Creating an optimized production build ...
Γ£ô Compiled successfully in 44s
  Running TypeScript ...
  Collecting page data using 7 workers ...
  Generating static pages using 7 workers (0/17) ...
  Generating static pages using 7 workers (4/17) 
(node:27176) [DEP0040] 
DeprecationWarning: The `punycode` 
module is deprecated. Please use a 
userland alternative instead.
(Use `node --trace-deprecation ...` to 
show where the warning was created)
ReferenceError: indexedDB is not defined
    at <unknown> (C:\Users\user\Download
s\Projects\SpenTrade NextJS\.next\server
\chunks\ssr\[root-of-the-server]__3ac1f2
f6._.js:1:13867)
    at <unknown> (C:\Users\user\Download
s\Projects\SpenTrade NextJS\.next\server
\chunks\ssr\[root-of-the-server]__3ac1f2
f6._.js:1:13997)
    at y (C:\Users\user\Downloads\Projec
ts\SpenTrade NextJS\.next\server\chunks\
ssr\[root-of-the-server]__3ac1f2f6._.js:
1:14129)
    at getItem (C:\Users\user\Downloads\
Projects\SpenTrade NextJS\.next\server\c
hunks\ssr\[root-of-the-server]__3ac1f2f6
._.js:1:20000)
    at o (C:\Users\user\Downloads\Projec
ts\SpenTrade NextJS\.next\server\chunks\
ssr\[root-of-the-server]__3ac1f2f6._.js:
1:13004)
    at Object.getItem (C:\Users\user\Dow
nloads\Projects\SpenTrade NextJS\.next\s
erver\chunks\ssr\[root-of-the-server]__3
ac1f2f6._.js:1:15718)
    at A.getItem (C:\Users\user\Download
s\Projects\SpenTrade NextJS\.next\server
\chunks\ssr\[root-of-the-server]__3ac1f2
f6._.js:1:20842)
    at G (C:\Users\user\Downloads\Projec
ts\SpenTrade NextJS\.next\server\chunks\
ssr\[root-of-the-server]__3ac1f2f6._.js:
1:22111)
    at new I (C:\Users\user\Downloads\Pr
ojects\SpenTrade NextJS\.next\server\chu
nks\ssr\[root-of-the-server]__3ac1f2f6._
.js:1:22692)
    at new wo (C:\Users\user\Downloads\P
rojects\SpenTrade NextJS\.next\server\ch
unks\ssr\beffb_@walletconnect_ethereum-p
rovider_dist_index_63288821.js:1:452159)
  Generating static pages using 7 workers (8/17) 
  Generating static pages using 7 workers (12/17) 
Γ£ô Generating static pages using 7 workers (17/17) in 2.5s
  Finalizing page optimization ...

Route (app)
Γöî Γùï /
Γö£ Γùï /_not-found
Γö£ ╞Æ /api/escrow
Γö£ ╞Æ /api/escrow/[escrowId]
Γö£ ╞Æ /api/kyc
Γö£ ╞Æ /api/offers
Γö£ ╞Æ /api/trades
Γö£ ╞Æ /api/trades/[tradeId]
Γö£ ╞Æ /api/trades/[tradeId]/messages
Γö£ Γùï /dashboard
Γö£ Γùï /dashboard/kyc
Γö£ Γùï /dashboard/profile
Γö£ Γùï /dashboard/wallet
Γö£ Γùï /login
Γö£ Γùï /offers
Γö£ Γùï /offers/create
Γö£ Γùï /register
Γö£ Γùï /trade
Γöö ╞Æ /trade/[tradeId]


╞Æ Proxy (Middleware)

Γùï  (Static)   prerendered as static content
╞Æ  (Dynamic)  server-rendered on demand

