.next/dev/types/validator.ts(170,39): error TS2307: Cannot find module '../../../src/app/wallet/page.js' or its corresponding type declarations.
